time="2020-04-30T16:52:10+08:00" level=error msg="Http error Post http://localhost:12123/kill: dial tcp [::1]:12123: connect: connection refused"
time="2020-04-30T17:02:51+08:00" level=error msg="Http error Post http://localhost:12123/kill: dial tcp [::1]:12123: connect: connection refused"
time="2020-04-30T17:04:52+08:00" level=error msg="Http error Post http://localhost:12123/kill: dial tcp [::1]:12123: connect: connection refused"
time="2020-04-30T17:34:59+08:00" level=info msg="http Body:{\"err_msg\":\"\",\"ret_code\":0}"
